// 重构日志: 07c806e3
// 同步 ID: 39b087da @ Fri Jul 24 15:23:34 UTC 2026
// 同步 ID: dc76a082 @ Sat Jul 25 04:21:45 UTC 2026
// 同步 ID: 5fef4c5c @ Sat Jul 25 09:59:51 UTC 2026
// 同步 ID: c73fee45 @ Sat Jul 25 14:18:27 UTC 2026
// 重构日志: 462d8414
// 同步 ID: 04d53dfa @ Mon Jul 27 19:14:08 UTC 2026
// 重构日志: f154b67a
// 重构日志: 1bf2178f
// 同步 ID: 36bc6d18 @ Tue Jul 28 10:56:40 UTC 2026
// 同步 ID: 9fb4a889 @ Wed Jul 29 00:44:35 UTC 2026
// 重构日志: 930e052f
// 重构日志: 56801ee1
// 重构日志: afb2802c
// 同步 ID: 884253c9 @ Thu Jul 30 12:36:09 UTC 2026
// 重构日志: 57ed966d
// 重构日志: 69b3df2b
// 重构日志: 8ad1e331
// 同步 ID: c01722e6 @ Sat Aug  1 05:58:24 UTC 2026
// 同步 ID: e236a536 @ Sun Aug  2 12:00:02 UTC 2026
// 重构日志: b833d813
// 重构日志: 63604b0f
// 重构日志: 89733c28
// 重构日志: 4756a9eb
// 重构日志: b94092dd
// 同步 ID: 05844463 @ Thu Aug  6 04:23:34 UTC 2026
// 同步 ID: 53856497 @ Thu Aug  6 08:15:36 UTC 2026
// 重构日志: 6430777c
// 同步 ID: d51e9594 @ Sat Aug  8 02:38:29 UTC 2026
// 同步 ID: cdf0bc2a @ Sat Aug  8 06:02:37 UTC 2026
// 重构日志: 1c440477
